[11:31:04] INFO    MACRO ALERT on NVDA: semiconductor
[11:31:04] INFO    NVDA   $ 195.10 (-1.3%)  RSI: 41.4  ATR:3.57%  Vol:0.7x  dn NEG
[11:31:04] WARN    GOOGL: earnings calendar failed ('dict' object has no attribute 'empty')
[11:31:04] INFO    MACRO TRIGGER on GOOGL: trump
[11:31:04] INFO    MACRO ALERT on GOOGL: trump
[11:31:04] INFO    GOOGL  $ 357.13 (-1.1%)  RSI: 47.8  ATR:3.15%  Vol:0.5x  dn NEG
[11:31:04] WARN    META: earnings calendar failed ('dict' object has no attribute 'empty')
[11:31:04] INFO    MACRO TRIGGER on META: trump
[11:31:04] INFO    MACRO ALERT on META: trump
[11:31:04] INFO    META   $ 587.64 (-4.1%)  RSI: 50.9  ATR:3.77%  Vol:1.2x  dn NEG
[11:31:04] WARN    AMZN: earnings calendar failed ('dict' object has no attribute 'empty')
[11:31:04] INFO    AMZN   $ 245.28 (+1.5%)  RSI: 50.9  ATR:3.32%  Vol:0.6x  dn
[11:31:04] WARN    TSLA: earnings calendar failed ('dict' object has no attribute 'empty')
[11:31:04] INFO    MACRO TRIGGER on TSLA: china
[11:31:04] INFO    MACRO ALERT on TSLA: china
[11:31:04] INFO    TSLA   $ 397.15 (-6.6%)  RSI: 47.9  ATR:4.85%  Vol:1.7x  dn NEG
[11:31:05] WARN    AMD: earnings calendar failed ('dict' object has no attribute 'empty')
[11:31:05] INFO    AMD    $ 518.80 (-4.1%)  RSI: 52.4  ATR:6.80%  Vol:0.8x  up
[11:31:05] WARN    PLTR: earnings calendar failed ('dict' object has no attribute 'empty')
[11:31:05] INFO    PLTR   $ 129.12 (+2.7%)  RSI: 51.4  ATR:5.23%  Vol:1.6x  dn
[11:31:05] WARN    COIN: earnings calendar failed ('dict' object has no attribute 'empty')
[11:31:05] INFO    COIN   $ 166.95 (+4.8%)  RSI: 51.7  ATR:6.82%  Vol:1.3x  dn
[11:31:05] WARN    JPM: earnings calendar failed ('dict' object has no attribute 'empty')
[11:31:05] INFO    MACRO TRIGGER on JPM: trump
[11:31:05] INFO    MACRO ALERT on JPM: trump
[11:31:05] INFO    JPM    $ 334.35 (+0.1%)  RSI: 63.6  ATR:2.19%  Vol:0.3x  up NEG
[11:31:06] WARN    BAC: earnings calendar failed ('dict' object has no attribute 'empty')
[11:31:06] INFO    BAC    $  58.65 (+0.5%)  RSI: 70.5  ATR:2.00%  Vol:0.6x  up
[11:31:06] WARN    GS: earnings calendar failed ('dict' object has no attribute 'empty')
[11:31:06] INFO    GS     $1023.51 (+0.4%)  RSI: 47.6  ATR:3.04%  Vol:0.4x  up
[11:31:06] WARN    MS: earnings calendar failed ('dict' object has no attribute 'empty')
[11:31:07] INFO    MS     $ 213.85 (+0.9%)  RSI: 52.4  ATR:2.72%  Vol:0.4x  up
[11:31:07] WARN    C: earnings calendar failed ('dict' object has no attribute 'empty')
[11:31:07] INFO    C      $ 140.10 (-0.0%)  RSI: 56.3  ATR:2.43%  Vol:0.5x  up
[11:31:07] WARN    XOM: earnings calendar failed ('dict' object has no attribute 'empty')
[11:31:07] INFO    XOM    $ 137.80 (+1.1%)  RSI: 38.8  ATR:2.39%  Vol:0.3x  dn
[11:31:08] WARN    CVX: earnings calendar failed ('dict' object has no attribute 'empty')
[11:31:08] INFO    CVX    $ 168.40 (+1.6%)  RSI: 34.2  ATR:2.38%  Vol:0.6x  dn
[11:31:08] WARN    UNH: earnings calendar failed ('dict' object has no attribute 'empty')
[11:31:08] INFO    UNH    $ 429.96 (+0.8%)  RSI: 67.7  ATR:2.31%  Vol:0.4x  up
[11:31:09] WARN    LLY: earnings calendar failed ('dict' object has no attribute 'empty')
[11:31:09] INFO    LLY    $1217.47 (+2.2%)  RSI: 67.9  ATR:3.24%  Vol:0.6x  up
[11:31:09] WARN    ABBV: earnings calendar failed ('dict' object has no attribute 'empty')
[11:31:09] INFO    ABBV   $ 258.99 (+3.2%)  RSI: 76.3  ATR:2.55%  Vol:0.3x  ->
[11:31:09] INFO    XLK    $ 181.88 (-2.0%)  RSI: 48.4  ATR:3.20%  Vol:0.7x  up
[11:31:09] INFO    XLF    $  55.42 (+1.2%)  RSI: 72.8  ATR:1.38%  Vol:0.9x  up
[11:31:09] INFO    XLE    $  53.18 (+0.7%)  RSI: 37.7  ATR:2.16%  Vol:0.7x  dn
[11:31:10] INFO    XLV    $ 163.44 (+2.4%)  RSI: 72.5  ATR:1.59%  Vol:1.0x  up
[11:31:10] INFO    XBI    $ 158.60 (+1.3%)  RSI: 75.3  ATR:2.58%  Vol:0.9x  up
[11:31:10] INFO    XRT    $  87.40 (-0.5%)  RSI: 56.8  ATR:1.94%  Vol:0.7x  ->
[11:31:10] INFO    XLU    $  45.38 (+1.4%)  RSI: 54.9  ATR:1.47%  Vol:0.9x  up
[11:31:11] INFO    XLI    $ 183.41 (+0.0%)  RSI: 60.1  ATR:1.74%  Vol:0.7x  up
[11:31:11] INFO    XLP    $  84.74 (+1.7%)  RSI: 55.5  ATR:1.43%  Vol:0.8x  up
[11:31:11] INFO    TLT    $  85.72 (+0.2%)  RSI: 50.2  ATR:0.74%  Vol:0.7x  ->
[11:31:12] INFO    GLD    $ 378.50 (+2.1%)  RSI: 42.3  ATR:2.19%  Vol:0.9x  dn
[11:31:12] INFO    SLV    $  55.27 (+3.2%)  RSI: 38.9  ATR:4.55%  Vol:1.0x  dn
[11:31:12] INFO    MACRO TRIGGER on USO: iran, oil
[11:31:12] INFO    MACRO ALERT on USO: iran, oil
[11:31:12] INFO    USO    $ 102.68 (-0.6%)  RSI: 28.7  ATR:4.63%  Vol:0.4x  dn NEG
[11:31:12] INFO    UUP    $  28.30 (-0.7%)  RSI: 58.1  ATR:0.42%  Vol:1.7x  up
[11:31:12] INFO    IJR    $ 146.54 (-0.7%)  RSI: 63.8  ATR:1.52%  Vol:0.7x  up
[11:31:12] WARN    NTLA: earnings calendar failed ('dict' object has no attribute 'empty')
[11:31:12] INFO    NTLA   $  17.96 (+4.2%)  RSI: 71.0  ATR:6.51%  Vol:0.6x  up
[11:31:13] WARN    AA: earnings calendar failed ('dict' object has no attribute 'empty')
[11:31:13] INFO    AA     $  49.00 (+3.2%)  RSI: 29.6  ATR:7.21%  Vol:1.2x  dn
[11:31:13] WARN    ARM: earnings calendar failed ('dict' object has no attribute 'empty')
[11:31:13] INFO    ARM    $ 324.77 (-3.8%)  RSI: 46.4  ATR:10.42%  Vol:0.6x  up
[11:31:13] WARN    LDOS: earnings calendar failed ('dict' object has no attribute 'empty')
[11:31:13] INFO    LDOS   $ 107.26 (+4.1%)  RSI: 37.8  ATR:3.93%  Vol:0.5x  dn
[11:31:13] WARN    ALGM: earnings calendar failed ('dict' object has no attribute 'empty')
[11:31:13] INFO    ALGM   $  57.62 (-8.8%)  RSI: 52.9  ATR:8.48%  Vol:0.7x  up
[11:31:14] WARN    BA: earnings calendar failed ('dict' object has no attribute 'empty')
[11:31:14] INFO    MACRO TRIGGER on BA: trump, trump, iran
[11:31:14] INFO    MACRO ALERT on BA: trump, trump, iran
[11:31:14] INFO    BA     $ 224.47 (+2.7%)  RSI: 54.4  ATR:2.99%  Vol:1.1x  up NEG
[11:31:14] WARN    RIVN: earnings calendar failed ('dict' object has no attribute 'empty')
[11:31:14] INFO    RIVN   $  19.04 (+10.8%)  RSI: 66.6  ATR:5.71%  Vol:3.3x  ->
[11:31:14] WARN    RBLX: earnings calendar failed ('dict' object has no attribute 'empty')
[11:31:14] INFO    RBLX   $  55.03 (-5.0%)  RSI: 61.6  ATR:6.29%  Vol:0.6x  ->
[11:31:14] WARN    SNAP: earnings calendar failed ('dict' object has no attribute 'empty')
[11:31:14] INFO    SNAP   $   4.84 (+1.8%)  RSI: 45.0  ATR:5.92%  Vol:0.5x  dn
[11:31:15] WARN    RARE: earnings calendar failed ('dict' object has no attribute 'empty')
[11:31:15] INFO    RARE   $  33.02 (+2.0%)  RSI: 75.0  ATR:4.48%  Vol:0.2x  ->
[11:31:15] WARN    CRWD: earnings calendar failed ('dict' object has no attribute 'empty')
[11:31:15] INFO    CRWD   $ 196.55 (+1.7%)  RSI: 73.2  ATR:4.22%  Vol:0.6x  up
[11:31:15] WARN    PANW: earnings calendar failed ('dict' object has no attribute 'empty')
[11:31:15] INFO    PANW   $ 349.63 (-0.7%)  RSI: 79.6  ATR:3.79%  Vol:0.6x  up
[11:31:15] WARN    RKLB: earnings calendar failed ('dict' object has no attribute 'empty')
[11:31:15] INFO    RKLB   $ 100.45 (+0.4%)  RSI: 47.8  ATR:9.77%  Vol:0.8x  dn
[11:31:15] WARN    SMCI: earnings calendar failed ('dict' object has no attribute 'empty')
[11:31:15] INFO    MACRO TRIGGER on SMCI: taiwan
[11:31:15] INFO    MACRO ALERT on SMCI: taiwan
[11:31:15] INFO    SMCI   $  27.72 (+0.3%)  RSI: 40.5  ATR:10.79%  Vol:0.6x  dn NEG
[11:31:16] WARN    HOOD: earnings calendar failed ('dict' object has no attribute 'empty')
[11:31:16] INFO    MACRO TRIGGER on HOOD: trump
[11:31:16] INFO    MACRO ALERT on HOOD: trump
[11:31:16] INFO    HOOD   $ 113.82 (+4.8%)  RSI: 67.7  ATR:6.01%  Vol:1.8x  -> NEG
[11:31:16] INFO  Account equity: $927,679.70 | Buying power: $3,710,718.80
[11:31:16] INFO  Macro alert already sent today — skipping
[11:31:16] INFO  
-- Position Monitor ------------------------------------------
[11:31:16] INFO  Syncing positions from Alpaca...
[11:31:16] INFO  Position sync: no changes
[11:31:16] INFO  No open positions — monitor complete
[11:31:16] INFO  Open positions: 0/6
[11:31:16] INFO  Scanning 62 tickers | open | Regime:ranging | VIX:16.5
[11:31:16] INFO  Scan complete: 0 signal(s) | 0 near-misses
[11:31:17] INFO  Telegram sent (269 chars) attempt 1
[11:31:17] INFO  No signals this run — exiting
[11:31:17] INFO    SHA check trades.json: 200
[11:31:18] INFO    Commit trades.json: 200
[11:31:18] INFO    Committed trades.json to repo
[11:31:18] INFO    SHA check feedback.json: 200
[11:31:19] INFO    Commit feedback.json: 200
[11:31:19] INFO    Committed feedback.json to repo
[11:31:19] INFO    SHA check backtest_latest.json: 200
[11:31:20] INFO    Commit backtest_latest.json: 200
[11:31:20] INFO    Committed backtest_latest.json to repo
[11:31:20] INFO    SHA check auto_adjust_latest.json: 200
[11:31:20] INFO    Commit auto_adjust_latest.json: 200
[11:31:20] INFO    Committed auto_adjust_latest.json to repo
[11:31:20] INFO    SHA check bot.log: 200
[11:31:21] INFO    Commit bot.log: 200
[11:31:21] INFO    Committed bot.log to repo
[11:31:22] INFO    SHA check watchlist.json: 200
[11:31:22] INFO    Commit watchlist.json: 200
[11:31:22] INFO    Committed watchlist.json to repo
[11:31:22] INFO    SHA check research_digest.json: 200
[11:31:23] INFO    Commit research_digest.json: 200
[11:31:23] INFO    Committed research_digest.json to repo
[11:31:23] INFO    SHA check fed_insights.json: 200
[11:31:24] INFO    Commit fed_insights.json: 200
[11:31:24] INFO    Committed fed_insights.json to repo
[11:31:24] INFO    SHA check tg_offset.json: 200
[11:31:25] INFO    Commit tg_offset.json: 200
[11:31:25] INFO    Committed tg_offset.json to repo
[11:31:25] INFO    Skip paused.json — not found at bot_state/paused.json
[11:31:25] INFO    SHA check near_miss.json: 200
[11:31:26] INFO    Commit near_miss.json: 200
[11:31:26] INFO    Committed near_miss.json to repo
[11:31:26] INFO    SHA check last_run.json: 200
[11:31:27] INFO    Commit last_run.json: 200
[11:31:27] INFO    Committed last_run.json to repo
[11:31:27] INFO  State commit complete: 11/12 files
[11:55:40] INFO  ============================================================
[11:55:40] INFO  TRADING BOT RUN | 2026-07-02 11:55 ET | open | mode=scan
[11:55:40] INFO  Paper mode: True | Telegram: yes
[11:55:40] INFO  ============================================================
[11:55:41] INFO  Fetching macro data...
[11:55:42] INFO    Futures: ES=-0.11% NQ=-1.21% Gold=+1.77% -> RISK-OFF
[11:55:42] INFO    Fed:3.63% CPI:4.3% VIX:16.5(normal) Regime:ranging
[11:55:42] INFO    Scanning StockTwits sentiment...
[11:55:46] INFO    Fear & Greed: 32 (fear) +0.0 from yesterday
[11:55:46] INFO    Market breadth: 50% above SMA50 — neutral
[11:55:46] INFO  Fetching price data for 62 tickers...
[11:55:46] INFO    MACRO TRIGGER on SPY: trump
[11:55:46] INFO    MACRO ALERT on SPY: trump
[11:55:46] INFO    SPY    $ 744.41 (-0.2%)  RSI: 53.9  ATR:1.33%  Vol:0.5x  up NEG
[11:55:46] INFO    MACRO TRIGGER on QQQ: trump, iran
[11:55:46] INFO    MACRO ALERT on QQQ: trump, iran
[11:55:46] INFO    QQQ    $ 715.94 (-1.3%)  RSI: 49.3  ATR:2.24%  Vol:0.9x  up NEG
[11:55:47] INFO    IWM    $ 297.52 (-0.6%)  RSI: 58.3  ATR:1.80%  Vol:0.6x  up
[11:55:47] INFO    MACRO TRIGGER on DIA: trump, iran
[11:55:47] INFO    MACRO ALERT on DIA: trump, iran
[11:55:47] INFO    DIA    $ 525.68 (+0.6%)  RSI: 67.6  ATR:1.15%  Vol:0.6x  up NEG
[11:55:47] INFO    MDY    $ 693.68 (-0.5%)  RSI: 55.6  ATR:1.42%  Vol:0.4x  up
[11:55:47] INFO    VXX    $  22.30 (-0.1%)  RSI: 38.6  ATR:4.67%  Vol:0.8x  dn
[11:55:47] INFO    EEM    $  65.89 (-0.9%)  RSI: 45.4  ATR:2.64%  Vol:0.9x  dn
[11:55:48] INFO    EFA    $ 104.44 (+1.4%)  RSI: 57.0  ATR:1.29%  Vol:0.7x  up
[11:55:48] INFO    MACRO TRIGGER on FXI: china
[11:55:48] INFO    MACRO ALERT on FXI: china
[11:55:48] INFO    FXI    $  31.80 (-0.5%)  RSI: 29.2  ATR:1.72%  Vol:1.2x  dn NEG
[11:55:48] INFO    EWJ    $  93.24 (+0.2%)  RSI: 52.7  ATR:1.67%  Vol:1.0x  up
[11:55:48] INFO    IEUR   $  75.89 (+1.9%)  RSI: 59.9  ATR:1.28%  Vol:0.3x  up
[11:55:48] INFO    AAPL   $ 305.69 (+3.8%)  RSI: 58.7  ATR:2.82%  Vol:0.9x  up NEG
[11:55:49] INFO    MSFT   $ 388.58 (+1.1%)  RSI: 49.0  ATR:3.33%  Vol:0.7x  dn
[11:55:49] INFO    MACRO TRIGGER on NVDA: semiconductor
[11:55:49] INFO    MACRO ALERT on NVDA: semiconductor
[11:55:49] INFO    NVDA   $ 194.38 (-1.6%)  RSI: 40.9  ATR:3.60%  Vol:0.7x  dn NEG
[11:55:49] INFO    MACRO TRIGGER on GOOGL: trump
[11:55:49] INFO    MACRO ALERT on GOOGL: trump
[11:55:49] INFO    GOOGL  $ 355.86 (-1.5%)  RSI: 47.1  ATR:3.19%  Vol:0.5x  dn NEG
[11:55:49] INFO    MACRO TRIGGER on META: trump
[11:55:49] INFO    MACRO ALERT on META: trump
[11:55:49] INFO    META   $ 587.75 (-4.1%)  RSI: 50.9  ATR:3.77%  Vol:1.1x  dn NEG
[11:55:49] INFO    AMZN   $ 244.93 (+1.3%)  RSI: 50.6  ATR:3.33%  Vol:0.6x  dn
[11:55:50] INFO    MACRO TRIGGER on TSLA: china
[11:55:50] INFO    MACRO ALERT on TSLA: china
[11:55:50] INFO    TSLA   $ 398.52 (-6.3%)  RSI: 48.3  ATR:4.83%  Vol:1.7x  dn NEG
[11:55:50] INFO    AMD    $ 521.62 (-3.6%)  RSI: 52.9  ATR:6.76%  Vol:0.8x  up
[11:55:50] INFO    PLTR   $ 129.04 (+2.6%)  RSI: 51.3  ATR:5.24%  Vol:1.4x  dn
[11:55:50] INFO    COIN   $ 165.87 (+4.2%)  RSI: 51.1  ATR:6.87%  Vol:1.2x  dn
[11:55:50] INFO    MACRO TRIGGER on JPM: trump
[11:55:50] INFO    MACRO ALERT on JPM: trump
[11:55:50] INFO    JPM    $ 333.18 (-0.3%)  RSI: 62.2  ATR:2.20%  Vol:0.3x  up NEG
[11:55:51] INFO    BAC    $  58.54 (+0.3%)  RSI: 70.1  ATR:2.00%  Vol:0.6x  up
[11:55:51] INFO    GS     $1020.53 (+0.1%)  RSI: 46.9  ATR:3.05%  Vol:0.4x  up
[11:55:51] INFO    MS     $ 212.71 (+0.4%)  RSI: 51.1  ATR:2.73%  Vol:0.3x  up
[11:55:52] INFO    C      $ 139.49 (-0.5%)  RSI: 54.7  ATR:2.45%  Vol:0.4x  up
[11:55:52] INFO    XOM    $ 136.77 (+0.4%)  RSI: 36.1  ATR:2.41%  Vol:0.5x  dn
[11:55:52] INFO    CVX    $ 167.92 (+1.3%)  RSI: 33.2  ATR:2.39%  Vol:0.6x  dn
[11:55:53] INFO    UNH    $ 428.40 (+0.4%)  RSI: 67.1  ATR:2.31%  Vol:0.4x  up
[11:55:53] INFO    LLY    $1213.42 (+1.8%)  RSI: 67.4  ATR:3.25%  Vol:0.6x  up
[11:55:54] INFO    ABBV   $ 258.05 (+2.8%)  RSI: 75.9  ATR:2.56%  Vol:0.3x  ->
[11:55:54] INFO    XLK    $ 181.75 (-2.1%)  RSI: 48.3  ATR:3.21%  Vol:0.7x  up
[11:55:54] INFO    XLF    $  55.27 (+0.9%)  RSI: 72.1  ATR:1.38%  Vol:1.0x  up
[11:55:54] INFO    XLE    $  53.01 (+0.4%)  RSI: 36.5  ATR:2.17%  Vol:0.7x  dn
[11:55:54] INFO    XLV    $ 163.16 (+2.3%)  RSI: 72.2  ATR:1.60%  Vol:1.0x  up
[11:55:55] INFO    XBI    $ 158.76 (+1.4%)  RSI: 75.4  ATR:2.57%  Vol:0.9x  up
[11:55:55] INFO    XRT    $  87.64 (-0.2%)  RSI: 57.9  ATR:1.93%  Vol:0.7x  ->
[11:55:55] INFO    XLU    $  45.28 (+1.1%)  RSI: 54.1  ATR:1.47%  Vol:0.8x  up
[11:55:55] INFO    XLI    $ 183.39 (+0.0%)  RSI: 60.0  ATR:1.74%  Vol:0.7x  up
[11:55:56] INFO    XLP    $  84.55 (+1.5%)  RSI: 54.7  ATR:1.44%  Vol:0.9x  up
[11:55:56] INFO    TLT    $  85.68 (+0.2%)  RSI: 49.8  ATR:0.74%  Vol:0.6x  ->
[11:55:56] INFO    GLD    $ 378.73 (+2.2%)  RSI: 42.5  ATR:2.19%  Vol:0.9x  dn
[11:55:56] INFO    SLV    $  55.22 (+3.1%)  RSI: 38.8  ATR:4.55%  Vol:0.9x  dn
[11:55:56] INFO    MACRO TRIGGER on USO: iran, oil
[11:55:56] INFO    MACRO ALERT on USO: iran, oil
[11:55:56] INFO    USO    $ 102.73 (-0.5%)  RSI: 28.8  ATR:4.63%  Vol:0.4x  dn NEG
[11:55:56] INFO    UUP    $  28.29 (-0.7%)  RSI: 57.9  ATR:0.42%  Vol:1.6x  up
[11:55:57] INFO    IJR    $ 146.45 (-0.7%)  RSI: 63.4  ATR:1.52%  Vol:0.7x  up
[11:55:57] INFO    NTLA   $  17.89 (+3.8%)  RSI: 70.7  ATR:6.54%  Vol:0.6x  up
[11:55:57] INFO    AA     $  48.71 (+2.6%)  RSI: 29.0  ATR:7.26%  Vol:1.2x  dn
[11:55:57] INFO    ARM    $ 323.05 (-4.3%)  RSI: 46.1  ATR:10.48%  Vol:0.6x  up
[11:55:57] INFO    LDOS   $ 107.16 (+4.0%)  RSI: 37.6  ATR:3.93%  Vol:0.5x  dn
[11:55:58] INFO    ALGM   $  57.19 (-9.5%)  RSI: 52.4  ATR:8.60%  Vol:0.7x  up
[11:55:58] INFO    MACRO TRIGGER on BA: trump, trump, iran
[11:55:58] INFO    MACRO ALERT on BA: trump, trump, iran
[11:55:58] INFO    BA     $ 224.59 (+2.7%)  RSI: 54.5  ATR:2.99%  Vol:1.0x  up NEG
[11:55:58] INFO    RIVN   $  18.96 (+10.4%)  RSI: 66.3  ATR:5.73%  Vol:3.1x  ->
[11:55:58] INFO    RBLX   $  55.11 (-4.9%)  RSI: 61.7  ATR:6.28%  Vol:0.6x  ->
[11:55:59] INFO    SNAP   $   4.83 (+1.6%)  RSI: 44.8  ATR:5.93%  Vol:0.5x  dn
[11:55:59] INFO    RARE   $  33.08 (+2.1%)  RSI: 75.1  ATR:4.48%  Vol:0.2x  ->
[11:55:59] INFO    CRWD   $ 196.33 (+1.6%)  RSI: 73.1  ATR:4.22%  Vol:0.6x  up
[11:55:59] INFO    PANW   $ 349.35 (-0.8%)  RSI: 79.4  ATR:3.79%  Vol:0.6x  up
[11:55:59] INFO    RKLB   $ 100.46 (+0.4%)  RSI: 47.8  ATR:9.77%  Vol:0.8x  dn
[11:56:00] INFO    MACRO TRIGGER on SMCI: taiwan
[11:56:00] INFO    MACRO ALERT on SMCI: taiwan
[11:56:00] INFO    SMCI   $  27.44 (-0.8%)  RSI: 40.1  ATR:10.90%  Vol:0.6x  dn NEG
[11:56:00] INFO    MACRO TRIGGER on HOOD: trump
[11:56:00] INFO    MACRO ALERT on HOOD: trump
[11:56:00] INFO    HOOD   $ 113.67 (+4.6%)  RSI: 67.6  ATR:6.02%  Vol:1.6x  -> NEG
[11:56:00] INFO  Account equity: $927,679.70 | Buying power: $3,710,718.80
[11:56:00] INFO  Macro alert already sent today — skipping
[11:56:00] INFO  
-- Position Monitor ------------------------------------------
[11:56:00] INFO  Syncing positions from Alpaca...
[11:56:00] INFO  Position sync: no changes
[11:56:01] INFO  No open positions — monitor complete
[11:56:01] INFO  Open positions: 0/6
[11:56:01] INFO  Scanning 62 tickers | open | Regime:ranging | VIX:16.5
[11:56:01] INFO  Scan complete: 0 signal(s) | 0 near-misses
[11:56:01] INFO  No signals this run — exiting
[11:56:01] INFO    SHA check trades.json: 200
[11:56:02] INFO    Commit trades.json: 200
[11:56:02] INFO    Committed trades.json to repo
[11:56:02] INFO    SHA check feedback.json: 200
[11:56:03] INFO    Commit feedback.json: 200
[11:56:03] INFO    Committed feedback.json to repo
[11:56:03] INFO    SHA check backtest_latest.json: 200
[11:56:04] INFO    Commit backtest_latest.json: 200
[11:56:04] INFO    Committed backtest_latest.json to repo
[11:56:04] INFO    SHA check auto_adjust_latest.json: 200
[11:56:05] INFO    Commit auto_adjust_latest.json: 200
[11:56:05] INFO    Committed auto_adjust_latest.json to repo
[11:56:05] INFO    SHA check bot.log: 200
[11:56:06] INFO    Commit bot.log: 200
[11:56:06] INFO    Committed bot.log to repo
[11:56:06] INFO    SHA check watchlist.json: 200
[11:56:07] INFO    Commit watchlist.json: 200
[11:56:07] INFO    Committed watchlist.json to repo
[11:56:07] INFO    SHA check research_digest.json: 200
[11:56:08] INFO    Commit research_digest.json: 200
[11:56:08] INFO    Committed research_digest.json to repo
[11:56:08] INFO    SHA check fed_insights.json: 200
[11:56:09] INFO    Commit fed_insights.json: 200
[11:56:09] INFO    Committed fed_insights.json to repo
[11:56:09] INFO    SHA check tg_offset.json: 200
[11:56:11] INFO    Commit tg_offset.json: 200
[11:56:11] INFO    Committed tg_offset.json to repo
[11:56:11] INFO    Skip paused.json — not found at bot_state/paused.json
[11:56:11] INFO    SHA check near_miss.json: 200
[11:56:12] INFO    Commit near_miss.json: 200
[11:56:12] INFO    Committed near_miss.json to repo
[11:56:12] INFO    SHA check last_run.json: 200
[11:56:13] INFO    Commit last_run.json: 200
[11:56:13] INFO    Committed last_run.json to repo
[11:56:13] INFO  State commit complete: 11/12 files
[12:19:54] INFO  ============================================================
[12:19:54] INFO  TRADING BOT RUN | 2026-07-02 12:19 ET | open | mode=scan
[12:19:54] INFO  Paper mode: True | Telegram: yes
[12:19:54] INFO  ============================================================
[12:19:54] INFO  Fetching macro data...
[12:19:56] INFO    Futures: ES=-0.31% NQ=-1.65% Gold=+1.66% -> RISK-OFF
[12:19:56] INFO    Fed:3.63% CPI:4.3% VIX:16.7(normal) Regime:ranging
[12:19:56] INFO    Scanning StockTwits sentiment...
[12:19:57] INFO    Fear & Greed: 32 (fear) +0.0 from yesterday
[12:19:57] INFO    Market breadth: 50% above SMA50 — neutral
[12:19:57] INFO  Fetching price data for 62 tickers...
[12:19:57] INFO    MACRO TRIGGER on SPY: trump
[12:19:57] INFO    MACRO ALERT on SPY: trump
[12:19:57] INFO    SPY    $ 744.05 (-0.2%)  RSI: 53.6  ATR:1.34%  Vol:0.5x  up NEG
[12:19:57] INFO    MACRO TRIGGER on QQQ: trump, iran
[12:19:57] INFO    MACRO ALERT on QQQ: trump, iran
[12:19:57] INFO    QQQ    $ 713.87 (-1.6%)  RSI: 48.7  ATR:2.26%  Vol:0.8x  up NEG
[12:19:58] INFO    IWM    $ 297.27 (-0.7%)  RSI: 57.9  ATR:1.80%  Vol:0.6x  up
[12:19:58] INFO    MACRO TRIGGER on DIA: trump, iran
[12:19:58] INFO    MACRO ALERT on DIA: trump, iran
[12:19:58] INFO    DIA    $ 526.07 (+0.7%)  RSI: 67.9  ATR:1.14%  Vol:0.5x  up NEG
[12:19:58] INFO    MDY    $ 693.49 (-0.5%)  RSI: 55.5  ATR:1.42%  Vol:0.4x  up
[12:19:58] INFO    VXX    $  22.18 (-0.6%)  RSI: 38.1  ATR:4.70%  Vol:0.8x  dn
[12:19:59] INFO    EEM    $  65.73 (-1.1%)  RSI: 44.9  ATR:2.64%  Vol:0.9x  dn
[12:19:59] INFO    EFA    $ 104.47 (+1.4%)  RSI: 57.1  ATR:1.29%  Vol:0.6x  up
[12:19:59] INFO    MACRO TRIGGER on FXI: china
[12:19:59] INFO    MACRO ALERT on FXI: china
[12:19:59] INFO    FXI    $  31.81 (-0.5%)  RSI: 29.2  ATR:1.73%  Vol:1.1x  dn NEG
[12:19:59] INFO    EWJ    $  93.10 (+0.0%)  RSI: 52.1  ATR:1.67%  Vol:1.0x  up
[12:20:00] INFO    IEUR   $  75.91 (+1.9%)  RSI: 60.0  ATR:1.28%  Vol:0.3x  up
[12:20:00] INFO    AAPL   $ 307.73 (+4.5%)  RSI: 59.8  ATR:2.80%  Vol:0.9x  up NEG
[12:20:00] INFO    MSFT   $ 390.14 (+1.5%)  RSI: 49.7  ATR:3.32%  Vol:0.7x  dn
[12:20:00] INFO    MACRO TRIGGER on NVDA: semiconductor
[12:20:00] INFO    MACRO ALERT on NVDA: semiconductor
[12:20:00] INFO    NVDA   $ 194.07 (-1.8%)  RSI: 40.7  ATR:3.61%  Vol:0.7x  dn NEG
[12:20:01] INFO    MACRO TRIGGER on GOOGL: trump
[12:20:01] INFO    MACRO ALERT on GOOGL: trump
[12:20:01] INFO    GOOGL  $ 355.97 (-1.5%)  RSI: 47.2  ATR:3.22%  Vol:0.5x  dn NEG
[12:20:01] INFO    MACRO TRIGGER on META: trump
[12:20:01] INFO    MACRO ALERT on META: trump
[12:20:01] INFO    META   $ 586.36 (-4.3%)  RSI: 50.5  ATR:3.79%  Vol:1.1x  dn NEG
[12:20:01] INFO    AMZN   $ 246.23 (+1.9%)  RSI: 51.6  ATR:3.34%  Vol:0.6x  dn
[12:20:03] INFO    MACRO TRIGGER on TSLA: china
[12:20:03] INFO    MACRO ALERT on TSLA: china
[12:20:03] INFO    TSLA   $ 394.31 (-7.3%)  RSI: 47.0  ATR:4.89%  Vol:1.6x  dn NEG
[12:20:03] INFO    AMD    $ 518.91 (-4.1%)  RSI: 52.4  ATR:6.80%  Vol:0.8x  up
[12:20:03] INFO    PLTR   $ 129.70 (+3.2%)  RSI: 51.9  ATR:5.21%  Vol:1.4x  dn
[12:20:03] INFO    COIN   $ 164.62 (+3.4%)  RSI: 50.4  ATR:6.92%  Vol:1.1x  dn
[12:20:04] INFO    MACRO TRIGGER on JPM: trump
[12:20:04] INFO    MACRO ALERT on JPM: trump
[12:20:04] INFO    JPM    $ 334.23 (+0.0%)  RSI: 63.5  ATR:2.19%  Vol:0.3x  up NEG
[12:20:04] INFO    BAC    $  58.79 (+0.7%)  RSI: 71.0  ATR:1.99%  Vol:0.6x  up
[12:20:04] INFO    GS     $1020.84 (+0.1%)  RSI: 47.0  ATR:3.05%  Vol:0.4x  up
[12:20:04] INFO    MS     $ 212.71 (+0.4%)  RSI: 51.1  ATR:2.73%  Vol:0.3x  up
[12:20:05] INFO    C      $ 139.54 (-0.4%)  RSI: 54.9  ATR:2.46%  Vol:0.4x  up
[12:20:05] INFO    XOM    $ 137.28 (+0.7%)  RSI: 37.4  ATR:2.40%  Vol:0.5x  dn
[12:20:06] INFO    CVX    $ 167.92 (+1.3%)  RSI: 33.2  ATR:2.39%  Vol:0.7x  dn
[12:20:06] INFO    UNH    $ 427.56 (+0.2%)  RSI: 66.7  ATR:2.32%  Vol:0.4x  up
[12:20:07] INFO    LLY    $1205.77 (+1.2%)  RSI: 66.5  ATR:3.27%  Vol:0.6x  up
[12:20:07] INFO    ABBV   $ 258.39 (+2.9%)  RSI: 76.1  ATR:2.56%  Vol:0.3x  ->
[12:20:07] INFO    XLK    $ 180.94 (-2.5%)  RSI: 47.6  ATR:3.23%  Vol:0.7x  up
[12:20:07] INFO    XLF    $  55.38 (+1.1%)  RSI: 72.6  ATR:1.38%  Vol:1.0x  up
[12:20:08] INFO    XLE    $  53.07 (+0.5%)  RSI: 36.9  ATR:2.17%  Vol:0.7x  dn
[12:20:08] INFO    XLV    $ 163.06 (+2.2%)  RSI: 72.1  ATR:1.60%  Vol:1.0x  up
[12:20:08] INFO    XBI    $ 158.37 (+1.2%)  RSI: 75.1  ATR:2.58%  Vol:0.8x  up
[12:20:08] INFO    XRT    $  87.85 (+0.0%)  RSI: 59.0  ATR:1.93%  Vol:0.7x  ->
[12:20:09] INFO    XLU    $  45.35 (+1.3%)  RSI: 54.7  ATR:1.47%  Vol:0.8x  up
[12:20:09] INFO    XLI    $ 183.33 (-0.0%)  RSI: 59.9  ATR:1.74%  Vol:0.7x  up
[12:20:09] INFO    XLP    $  84.68 (+1.7%)  RSI: 55.2  ATR:1.43%  Vol:0.9x  up
[12:20:09] INFO    TLT    $  85.56 (+0.0%)  RSI: 48.7  ATR:0.74%  Vol:0.6x  ->
[12:20:09] INFO    GLD    $ 378.42 (+2.1%)  RSI: 42.3  ATR:2.20%  Vol:1.0x  dn
[12:20:10] INFO    SLV    $  55.18 (+3.0%)  RSI: 38.6  ATR:4.56%  Vol:0.8x  dn
[12:20:10] INFO    MACRO TRIGGER on USO: iran, oil
[12:20:10] INFO    MACRO ALERT on USO: iran, oil
[12:20:10] INFO    USO    $ 103.45 (+0.2%)  RSI: 29.5  ATR:4.61%  Vol:0.4x  dn NEG
[12:20:10] INFO    UUP    $  28.31 (-0.6%)  RSI: 58.7  ATR:0.42%  Vol:1.6x  up
[12:20:10] INFO    IJR    $ 146.42 (-0.8%)  RSI: 63.3  ATR:1.52%  Vol:0.7x  up
[12:20:10] INFO    NTLA   $  17.78 (+3.1%)  RSI: 70.3  ATR:6.58%  Vol:0.6x  up
[12:20:11] INFO    AA     $  48.73 (+2.6%)  RSI: 29.0  ATR:7.25%  Vol:1.1x  dn
[12:20:11] INFO    ARM    $ 317.52 (-5.9%)  RSI: 45.2  ATR:10.78%  Vol:0.6x  up
[12:20:11] INFO    LDOS   $ 107.57 (+4.4%)  RSI: 38.4  ATR:3.92%  Vol:0.5x  dn
[12:20:12] INFO    ALGM   $  55.99 (-11.4%)  RSI: 51.2  ATR:8.91%  Vol:0.7x  up
[12:20:12] INFO    MACRO TRIGGER on BA: trump, trump, iran
[12:20:12] INFO    MACRO ALERT on BA: trump, trump, iran
[12:20:12] INFO    BA     $ 225.02 (+2.9%)  RSI: 54.9  ATR:2.98%  Vol:0.9x  up NEG
[12:20:12] INFO    MACRO TRIGGER on RIVN: oil
[12:20:12] INFO    MACRO ALERT on RIVN: oil
[12:20:12] INFO    RIVN   $  18.81 (+9.5%)  RSI: 65.7  ATR:5.78%  Vol:2.8x  -> NEG
[12:20:12] INFO    RBLX   $  54.00 (-6.8%)  RSI: 59.4  ATR:6.41%  Vol:0.7x  ->
[12:20:13] INFO    SNAP   $   4.84 (+1.8%)  RSI: 45.0  ATR:5.92%  Vol:0.6x  dn
[12:20:13] INFO    RARE   $  32.88 (+1.5%)  RSI: 74.7  ATR:4.50%  Vol:0.2x  ->
[12:20:13] INFO    CRWD   $ 194.90 (+0.9%)  RSI: 72.4  ATR:4.25%  Vol:0.5x  up
[12:20:13] INFO    PANW   $ 349.60 (-0.7%)  RSI: 79.6  ATR:3.82%  Vol:0.6x  up
[12:20:13] INFO    RKLB   $ 100.12 (+0.0%)  RSI: 47.6  ATR:9.80%  Vol:0.8x  dn
[12:20:14] INFO    MACRO TRIGGER on SMCI: taiwan
[12:20:14] INFO    MACRO ALERT on SMCI: taiwan
[12:20:14] INFO    SMCI   $  27.23 (-1.5%)  RSI: 39.8  ATR:11.03%  Vol:0.6x  dn NEG
[12:20:14] INFO    MACRO TRIGGER on HOOD: trump
[12:20:14] INFO    MACRO ALERT on HOOD: trump
[12:20:14] INFO    HOOD   $ 112.19 (+3.3%)  RSI: 66.7  ATR:6.10%  Vol:1.5x  -> NEG
[12:20:14] INFO  Account equity: $927,679.70 | Buying power: $3,710,718.80
[12:20:14] INFO  Macro alert already sent today — skipping
[12:20:14] INFO  
-- Position Monitor ------------------------------------------
[12:20:14] INFO  Syncing positions from Alpaca...
[12:20:14] INFO  Position sync: no changes
[12:20:14] INFO  No open positions — monitor complete
[12:20:14] INFO  Open positions: 0/6
[12:20:14] INFO  Scanning 62 tickers | open | Regime:ranging | VIX:16.7
[12:20:14] INFO  Scan complete: 0 signal(s) | 0 near-misses
[12:20:15] INFO  Telegram sent (269 chars) attempt 1
[12:20:15] INFO  No signals this run — exiting
[12:20:15] INFO    SHA check trades.json: 200
[12:20:16] INFO    Commit trades.json: 200
[12:20:16] INFO    Committed trades.json to repo
[12:20:16] INFO    SHA check feedback.json: 200
[12:20:17] INFO    Commit feedback.json: 200
[12:20:17] INFO    Committed feedback.json to repo
[12:20:17] INFO    SHA check backtest_latest.json: 200
[12:20:18] INFO    Commit backtest_latest.json: 200
[12:20:18] INFO    Committed backtest_latest.json to repo
[12:20:18] INFO    SHA check auto_adjust_latest.json: 200
[12:20:19] INFO    Commit auto_adjust_latest.json: 200
[12:20:19] INFO    Committed auto_adjust_latest.json to repo
